
> backend@1.0.0 dev
> nodemon src/server.js

[33m[nodemon] 3.1.14[39m
[33m[nodemon] to restart at any time, enter `rs`[39m
[33m[nodemon] watching path(s): *.*[39m
[33m[nodemon] watching extensions: js,mjs,cjs,json[39m
[32m[nodemon] starting `node src/server.js`[39m
Γùç injected env (9) from .env // tip: Γîÿ enable debugging { debug: true }
Γùç injected env (0) from .env // tip: Γîü auth for agents [www.vestauth.com]
Γùç injected env (0) from .env // tip: Γîÿ enable debugging { debug: true }
Server running on port 5000
[32m[nodemon] restarting due to changes...[39m
[32m[nodemon] restarting due to changes...[39m
[32m[nodemon] restarting due to changes...[39m
[32m[nodemon] starting `node src/server.js`[39m
[32m[nodemon] restarting due to changes...[39m
[32m[nodemon] restarting due to changes...[39m
[32m[nodemon] starting `node src/server.js`[39m
Γùç injected env (9) from .env // tip: Γîÿ suppress logs { quiet: true }
Γùç injected env (0) from .env // tip: Γîÿ override existing { override: true }
Γùç injected env (0) from .env // tip: Γîÿ suppress logs { quiet: true }
Server running on port 5000
[32m[nodemon] restarting due to changes...[39m
[32m[nodemon] starting `node src/server.js`[39m
Γùç injected env (9) from .env // tip: Γùê secrets for agents [www.dotenvx.com]
Γùç injected env (0) from .env // tip: Γîÿ multiple files { path: ['.env.local', '.env'] }
Γùç injected env (0) from .env // tip: Γîÿ custom filepath { path: '/custom/path/.env' }
Server running on port 5000
[32m[nodemon] restarting due to changes...[39m
[32m[nodemon] starting `node src/server.js`[39m
Γùç injected env (9) from .env // tip: Γîÿ multiple files { path: ['.env.local', '.env'] }
Γùç injected env (0) from .env // tip: Γîÿ enable debugging { debug: true }
Γùç injected env (0) from .env // tip: Γîÿ enable debugging { debug: true }
Server running on port 5000
[32m[nodemon] restarting due to changes...[39m
[32m[nodemon] starting `node src/server.js`[39m
Γùç injected env (9) from .env // tip: Γîü auth for agents [www.vestauth.com]
Γùç injected env (0) from .env // tip: Γùê encrypted .env [www.dotenvx.com]
Γùç injected env (0) from .env // tip: Γîÿ override existing { override: true }
Server running on port 5000
[32m[nodemon] restarting due to changes...[39m
[32m[nodemon] starting `node src/server.js`[39m
Γùç injected env (9) from .env // tip: Γîÿ override existing { override: true }
Γùç injected env (0) from .env // tip: Γùê encrypted .env [www.dotenvx.com]
Γùç injected env (0) from .env // tip: Γîÿ override existing { override: true }
Server running on port 5000
[32m[nodemon] restarting due to changes...[39m
[32m[nodemon] starting `node src/server.js`[39m
Γùç injected env (9) from .env // tip: Γîÿ multiple files { path: ['.env.local', '.env'] }
Γùç injected env (0) from .env // tip: Γîÿ multiple files { path: ['.env.local', '.env'] }
Γùç injected env (0) from .env // tip: Γîÿ enable debugging { debug: true }
Server running on port 5000
